// Jest Snapshot v1, https://goo.gl/fbAQLP

exports[`<LogGameScreen /> renders correctly 1`] = `
<View
  style={
    [
      {
        "display": "flex",
      },
      {
        "flexDirection": "column",
      },
      {
        "height": "100%",
      },
      {
        "width": "100%",
      },
      {
        "paddingBottom": 20,
        "paddingTop": 20,
      },
      {
        "paddingBottom": 192,
      },
    ]
  }
>
  <View
    style={
      [
        {
          "flexBasis": "0%",
          "flexGrow": 1,
          "flexShrink": 1,
        },
        {
          "overflow": "hidden",
        },
      ]
    }
  >
    <View
      style={
        [
          {
            "flexBasis": "0%",
            "flexGrow": 1,
            "flexShrink": 1,
          },
          {
            "width": "100%",
          },
          {
            "justifyContent": "center",
          },
        ]
      }
    >
      <Text
        style={
          [
            {
              "fontSize": 36,
              "lineHeight": 40,
            },
            {
              "fontWeight": "900",
            },
            {
              "textAlign": "center",
            },
            {
              "color": "#3b82f6",
            },
            {
              "paddingTop": 40,
            },
          ]
        }
      >
        Result
      </Text>
      <View
        style={
          [
            {
              "flexDirection": "row",
            },
            {
              "justifyContent": "space-evenly",
            },
            {
              "paddingBottom": 24,
              "paddingLeft": 24,
              "paddingRight": 24,
              "paddingTop": 24,
            },
          ]
        }
      >
        <View
          accessibilityState={
            {
              "busy": undefined,
              "checked": undefined,
              "disabled": undefined,
              "expanded": undefined,
              "selected": undefined,
            }
          }
          accessibilityValue={
            {
              "max": undefined,
              "min": undefined,
              "now": undefined,
              "text": undefined,
            }
          }
          accessible={true}
          collapsable={false}
          focusable={true}
          onClick={[Function]}
          onResponderGrant={[Function]}
          onResponderMove={[Function]}
          onResponderRelease={[Function]}
          onResponderTerminate={[Function]}
          onResponderTerminationRequest={[Function]}
          onStartShouldSetResponder={[Function]}
          style={
            {
              "backgroundColor": "#f3f4f6",
              "borderBottomColor": "#6b7280",
              "borderBottomLeftRadius": 12,
              "borderBottomRightRadius": 12,
              "borderBottomWidth": 1,
              "borderLeftColor": "#6b7280",
              "borderLeftWidth": 1,
              "borderRightColor": "#6b7280",
              "borderRightWidth": 1,
              "borderTopColor": "#6b7280",
              "borderTopLeftRadius": 12,
              "borderTopRightRadius": 12,
              "borderTopWidth": 1,
              "height": 56,
              "justifyContent": "center",
              "opacity": 1,
              "width": "20%",
            }
          }
        >
          <Text
            style={
              [
                {
                  "textAlign": "center",
                },
                {
                  "fontSize": 20,
                  "lineHeight": 28,
                },
              ]
            }
          >
            1B
          </Text>
        </View>
        <View
          accessibilityState={
            {
              "busy": undefined,
              "checked": undefined,
              "disabled": undefined,
              "expanded": undefined,
              "selected": undefined,
            }
          }
          accessibilityValue={
            {
              "max": undefined,
              "min": undefined,
              "now": undefined,
              "text": undefined,
            }
          }
          accessible={true}
          collapsable={false}
          focusable={true}
          onClick={[Function]}
          onResponderGrant={[Function]}
          onResponderMove={[Function]}
          onResponderRelease={[Function]}
          onResponderTerminate={[Function]}
          onResponderTerminationRequest={[Function]}
          onStartShouldSetResponder={[Function]}
          style={
            {
              "backgroundColor": "#f3f4f6",
              "borderBottomColor": "#6b7280",
              "borderBottomLeftRadius": 12,
              "borderBottomRightRadius": 12,
              "borderBottomWidth": 1,
              "borderLeftColor": "#6b7280",
              "borderLeftWidth": 1,
              "borderRightColor": "#6b7280",
              "borderRightWidth": 1,
              "borderTopColor": "#6b7280",
              "borderTopLeftRadius": 12,
              "borderTopRightRadius": 12,
              "borderTopWidth": 1,
              "height": 56,
              "justifyContent": "center",
              "opacity": 1,
              "width": "20%",
            }
          }
        >
          <Text
            style={
              [
                {
                  "textAlign": "center",
                },
                {
                  "fontSize": 20,
                  "lineHeight": 28,
                },
              ]
            }
          >
            2B
          </Text>
        </View>
        <View
          accessibilityState={
            {
              "busy": undefined,
              "checked": undefined,
              "disabled": undefined,
              "expanded": undefined,
              "selected": undefined,
            }
          }
          accessibilityValue={
            {
              "max": undefined,
              "min": undefined,
              "now": undefined,
              "text": undefined,
            }
          }
          accessible={true}
          collapsable={false}
          focusable={true}
          onClick={[Function]}
          onResponderGrant={[Function]}
          onResponderMove={[Function]}
          onResponderRelease={[Function]}
          onResponderTerminate={[Function]}
          onResponderTerminationRequest={[Function]}
          onStartShouldSetResponder={[Function]}
          style={
            {
              "backgroundColor": "#f3f4f6",
              "borderBottomColor": "#6b7280",
              "borderBottomLeftRadius": 12,
              "borderBottomRightRadius": 12,
              "borderBottomWidth": 1,
              "borderLeftColor": "#6b7280",
              "borderLeftWidth": 1,
              "borderRightColor": "#6b7280",
              "borderRightWidth": 1,
              "borderTopColor": "#6b7280",
              "borderTopLeftRadius": 12,
              "borderTopRightRadius": 12,
              "borderTopWidth": 1,
              "height": 56,
              "justifyContent": "center",
              "opacity": 1,
              "width": "20%",
            }
          }
        >
          <Text
            style={
              [
                {
                  "textAlign": "center",
                },
                {
                  "fontSize": 20,
                  "lineHeight": 28,
                },
              ]
            }
          >
            3B
          </Text>
        </View>
        <View
          accessibilityState={
            {
              "busy": undefined,
              "checked": undefined,
              "disabled": undefined,
              "expanded": undefined,
              "selected": undefined,
            }
          }
          accessibilityValue={
            {
              "max": undefined,
              "min": undefined,
              "now": undefined,
              "text": undefined,
            }
          }
          accessible={true}
          collapsable={false}
          focusable={true}
          onClick={[Function]}
          onResponderGrant={[Function]}
          onResponderMove={[Function]}
          onResponderRelease={[Function]}
          onResponderTerminate={[Function]}
          onResponderTerminationRequest={[Function]}
          onStartShouldSetResponder={[Function]}
          style={
            {
              "backgroundColor": "#f3f4f6",
              "borderBottomColor": "#6b7280",
              "borderBottomLeftRadius": 12,
              "borderBottomRightRadius": 12,
              "borderBottomWidth": 1,
              "borderLeftColor": "#6b7280",
              "borderLeftWidth": 1,
              "borderRightColor": "#6b7280",
              "borderRightWidth": 1,
              "borderTopColor": "#6b7280",
              "borderTopLeftRadius": 12,
              "borderTopRightRadius": 12,
              "borderTopWidth": 1,
              "height": 56,
              "justifyContent": "center",
              "opacity": 1,
              "width": "20%",
            }
          }
        >
          <Text
            style={
              [
                {
                  "textAlign": "center",
                },
                {
                  "fontSize": 20,
                  "lineHeight": 28,
                },
              ]
            }
          >
            HR
          </Text>
        </View>
      </View>
      <View
        style={
          [
            {
              "flexDirection": "row",
            },
            {
              "justifyContent": "space-evenly",
            },
            {
              "paddingLeft": 24,
              "paddingRight": 24,
            },
          ]
        }
      >
        <View
          accessibilityState={
            {
              "busy": undefined,
              "checked": undefined,
              "disabled": undefined,
              "expanded": undefined,
              "selected": undefined,
            }
          }
          accessibilityValue={
            {
              "max": undefined,
              "min": undefined,
              "now": undefined,
              "text": undefined,
            }
          }
          accessible={true}
          collapsable={false}
          focusable={true}
          onClick={[Function]}
          onResponderGrant={[Function]}
          onResponderMove={[Function]}
          onResponderRelease={[Function]}
          onResponderTerminate={[Function]}
          onResponderTerminationRequest={[Function]}
          onStartShouldSetResponder={[Function]}
          style={
            {
              "backgroundColor": "#f3f4f6",
              "borderBottomColor": "#6b7280",
              "borderBottomLeftRadius": 12,
              "borderBottomRightRadius": 12,
              "borderBottomWidth": 1,
              "borderLeftColor": "#6b7280",
              "borderLeftWidth": 1,
              "borderRightColor": "#6b7280",
              "borderRightWidth": 1,
              "borderTopColor": "#6b7280",
              "borderTopLeftRadius": 12,
              "borderTopRightRadius": 12,
              "borderTopWidth": 1,
              "height": 56,
              "justifyContent": "center",
              "opacity": 1,
              "width": "20%",
            }
          }
        >
          <Text
            style={
              [
                {
                  "textAlign": "center",
                },
                {
                  "fontSize": 20,
                  "lineHeight": 28,
                },
              ]
            }
          >
            HBP
          </Text>
        </View>
        <View
          accessibilityState={
            {
              "busy": undefined,
              "checked": undefined,
              "disabled": undefined,
              "expanded": undefined,
              "selected": undefined,
            }
          }
          accessibilityValue={
            {
              "max": undefined,
              "min": undefined,
              "now": undefined,
              "text": undefined,
            }
          }
          accessible={true}
          collapsable={false}
          focusable={true}
          onClick={[Function]}
          onResponderGrant={[Function]}
          onResponderMove={[Function]}
          onResponderRelease={[Function]}
          onResponderTerminate={[Function]}
          onResponderTerminationRequest={[Function]}
          onStartShouldSetResponder={[Function]}
          style={
            {
              "backgroundColor": "#f3f4f6",
              "borderBottomColor": "#6b7280",
              "borderBottomLeftRadius": 12,
              "borderBottomRightRadius": 12,
              "borderBottomWidth": 1,
              "borderLeftColor": "#6b7280",
              "borderLeftWidth": 1,
              "borderRightColor": "#6b7280",
              "borderRightWidth": 1,
              "borderTopColor": "#6b7280",
              "borderTopLeftRadius": 12,
              "borderTopRightRadius": 12,
              "borderTopWidth": 1,
              "height": 56,
              "justifyContent": "center",
              "opacity": 1,
              "width": "20%",
            }
          }
        >
          <Text
            style={
              [
                {
                  "textAlign": "center",
                },
                {
                  "fontSize": 20,
                  "lineHeight": 28,
                },
              ]
            }
          >
            SF
          </Text>
        </View>
        <View
          accessibilityState={
            {
              "busy": undefined,
              "checked": undefined,
              "disabled": undefined,
              "expanded": undefined,
              "selected": undefined,
            }
          }
          accessibilityValue={
            {
              "max": undefined,
              "min": undefined,
              "now": undefined,
              "text": undefined,
            }
          }
          accessible={true}
          collapsable={false}
          focusable={true}
          onClick={[Function]}
          onResponderGrant={[Function]}
          onResponderMove={[Function]}
          onResponderRelease={[Function]}
          onResponderTerminate={[Function]}
          onResponderTerminationRequest={[Function]}
          onStartShouldSetResponder={[Function]}
          style={
            {
              "backgroundColor": "#f3f4f6",
              "borderBottomColor": "#6b7280",
              "borderBottomLeftRadius": 12,
              "borderBottomRightRadius": 12,
              "borderBottomWidth": 1,
              "borderLeftColor": "#6b7280",
              "borderLeftWidth": 1,
              "borderRightColor": "#6b7280",
              "borderRightWidth": 1,
              "borderTopColor": "#6b7280",
              "borderTopLeftRadius": 12,
              "borderTopRightRadius": 12,
              "borderTopWidth": 1,
              "height": 56,
              "justifyContent": "center",
              "opacity": 1,
              "width": "20%",
            }
          }
        >
          <Text
            style={
              [
                {
                  "textAlign": "center",
                },
                {
                  "fontSize": 20,
                  "lineHeight": 28,
                },
              ]
            }
          >
            SAC
          </Text>
        </View>
        <View
          accessibilityState={
            {
              "busy": undefined,
              "checked": undefined,
              "disabled": undefined,
              "expanded": undefined,
              "selected": undefined,
            }
          }
          accessibilityValue={
            {
              "max": undefined,
              "min": undefined,
              "now": undefined,
              "text": undefined,
            }
          }
          accessible={true}
          collapsable={false}
          focusable={true}
          onClick={[Function]}
          onResponderGrant={[Function]}
          onResponderMove={[Function]}
          onResponderRelease={[Function]}
          onResponderTerminate={[Function]}
          onResponderTerminationRequest={[Function]}
          onStartShouldSetResponder={[Function]}
          style={
            {
              "backgroundColor": "#f3f4f6",
              "borderBottomColor": "#6b7280",
              "borderBottomLeftRadius": 12,
              "borderBottomRightRadius": 12,
              "borderBottomWidth": 1,
              "borderLeftColor": "#6b7280",
              "borderLeftWidth": 1,
              "borderRightColor": "#6b7280",
              "borderRightWidth": 1,
              "borderTopColor": "#6b7280",
              "borderTopLeftRadius": 12,
              "borderTopRightRadius": 12,
              "borderTopWidth": 1,
              "height": 56,
              "justifyContent": "center",
              "opacity": 1,
              "width": "20%",
            }
          }
        >
          <Text
            style={
              [
                {
                  "textAlign": "center",
                },
                {
                  "fontSize": 20,
                  "lineHeight": 28,
                },
              ]
            }
          >
            E
          </Text>
        </View>
      </View>
      <View
        style={
          [
            {
              "flexDirection": "row",
            },
            {
              "justifyContent": "space-evenly",
            },
            {
              "paddingLeft": 40,
              "paddingRight": 40,
            },
            {
              "paddingTop": 24,
            },
          ]
        }
      >
        <View
          accessibilityState={
            {
              "busy": undefined,
              "checked": undefined,
              "disabled": undefined,
              "expanded": undefined,
              "selected": undefined,
            }
          }
          accessibilityValue={
            {
              "max": undefined,
              "min": undefined,
              "now": undefined,
              "text": undefined,
            }
          }
          accessible={true}
          collapsable={false}
          focusable={true}
          onClick={[Function]}
          onResponderGrant={[Function]}
          onResponderMove={[Function]}
          onResponderRelease={[Function]}
          onResponderTerminate={[Function]}
          onResponderTerminationRequest={[Function]}
          onStartShouldSetResponder={[Function]}
          style={
            {
              "backgroundColor": "#f3f4f6",
              "borderBottomColor": "#6b7280",
              "borderBottomLeftRadius": 12,
              "borderBottomRightRadius": 12,
              "borderBottomWidth": 1,
              "borderLeftColor": "#6b7280",
              "borderLeftWidth": 1,
              "borderRightColor": "#6b7280",
              "borderRightWidth": 1,
              "borderTopColor": "#6b7280",
              "borderTopLeftRadius": 12,
              "borderTopRightRadius": 12,
              "borderTopWidth": 1,
              "height": 56,
              "justifyContent": "center",
              "opacity": 1,
              "width": "20%",
            }
          }
        >
          <Text
            style={
              [
                {
                  "textAlign": "center",
                },
                {
                  "fontSize": 20,
                  "lineHeight": 28,
                },
              ]
            }
          >
            BB
          </Text>
        </View>
        <View
          accessibilityState={
            {
              "busy": undefined,
              "checked": undefined,
              "disabled": undefined,
              "expanded": undefined,
              "selected": undefined,
            }
          }
          accessibilityValue={
            {
              "max": undefined,
              "min": undefined,
              "now": undefined,
              "text": undefined,
            }
          }
          accessible={true}
          collapsable={false}
          focusable={true}
          onClick={[Function]}
          onResponderGrant={[Function]}
          onResponderMove={[Function]}
          onResponderRelease={[Function]}
          onResponderTerminate={[Function]}
          onResponderTerminationRequest={[Function]}
          onStartShouldSetResponder={[Function]}
          style={
            {
              "backgroundColor": "#f3f4f6",
              "borderBottomColor": "#6b7280",
              "borderBottomLeftRadius": 12,
              "borderBottomRightRadius": 12,
              "borderBottomWidth": 1,
              "borderLeftColor": "#6b7280",
              "borderLeftWidth": 1,
              "borderRightColor": "#6b7280",
              "borderRightWidth": 1,
              "borderTopColor": "#6b7280",
              "borderTopLeftRadius": 12,
              "borderTopRightRadius": 12,
              "borderTopWidth": 1,
              "height": 56,
              "justifyContent": "center",
              "opacity": 1,
              "width": "20%",
            }
          }
        >
          <Text
            style={
              [
                {
                  "textAlign": "center",
                },
                {
                  "fontSize": 20,
                  "lineHeight": 28,
                },
              ]
            }
          >
            K
          </Text>
        </View>
        <View
          accessibilityState={
            {
              "busy": undefined,
              "checked": undefined,
              "disabled": undefined,
              "expanded": undefined,
              "selected": undefined,
            }
          }
          accessibilityValue={
            {
              "max": undefined,
              "min": undefined,
              "now": undefined,
              "text": undefined,
            }
          }
          accessible={true}
          collapsable={false}
          focusable={true}
          onClick={[Function]}
          onResponderGrant={[Function]}
          onResponderMove={[Function]}
          onResponderRelease={[Function]}
          onResponderTerminate={[Function]}
          onResponderTerminationRequest={[Function]}
          onStartShouldSetResponder={[Function]}
          style={
            {
              "backgroundColor": "#f3f4f6",
              "borderBottomColor": "#6b7280",
              "borderBottomLeftRadius": 12,
              "borderBottomRightRadius": 12,
              "borderBottomWidth": 1,
              "borderLeftColor": "#6b7280",
              "borderLeftWidth": 1,
              "borderRightColor": "#6b7280",
              "borderRightWidth": 1,
              "borderTopColor": "#6b7280",
              "borderTopLeftRadius": 12,
              "borderTopRightRadius": 12,
              "borderTopWidth": 1,
              "height": 56,
              "justifyContent": "center",
              "opacity": 1,
              "width": "20%",
            }
          }
        >
          <Text
            style={
              [
                {
                  "textAlign": "center",
                },
                {
                  "fontSize": 20,
                  "lineHeight": 28,
                },
              ]
            }
          >
            OUT
          </Text>
        </View>
      </View>
    </View>
  </View>
  <View
    style={
      [
        {
          "display": "flex",
        },
        {
          "flexDirection": "row",
        },
        {
          "justifyContent": "space-evenly",
        },
      ]
    }
  >
    <View
      accessibilityState={
        {
          "busy": undefined,
          "checked": undefined,
          "disabled": undefined,
          "expanded": undefined,
          "selected": undefined,
        }
      }
      accessibilityValue={
        {
          "max": undefined,
          "min": undefined,
          "now": undefined,
          "text": undefined,
        }
      }
      accessible={true}
      collapsable={false}
      focusable={true}
      onClick={[Function]}
      onResponderGrant={[Function]}
      onResponderMove={[Function]}
      onResponderRelease={[Function]}
      onResponderTerminate={[Function]}
      onResponderTerminationRequest={[Function]}
      onStartShouldSetResponder={[Function]}
      style={
        {
          "alignItems": "center",
          "backgroundColor": "#3b82f6",
          "borderBottomLeftRadius": 12,
          "borderBottomRightRadius": 12,
          "borderTopLeftRadius": 12,
          "borderTopRightRadius": 12,
          "height": 64,
          "justifyContent": "center",
          "opacity": 1,
          "width": "33.333333%",
        }
      }
    >
      <Text
        style={
          [
            {
              "color": "#fff",
            },
            {
              "fontSize": 24,
              "lineHeight": 32,
            },
          ]
        }
      >
        Back
      </Text>
    </View>
    <View
      accessibilityState={
        {
          "busy": undefined,
          "checked": undefined,
          "disabled": true,
          "expanded": undefined,
          "selected": undefined,
        }
      }
      accessibilityValue={
        {
          "max": undefined,
          "min": undefined,
          "now": undefined,
          "text": undefined,
        }
      }
      accessible={true}
      collapsable={false}
      focusable={true}
      onClick={[Function]}
      onResponderGrant={[Function]}
      onResponderMove={[Function]}
      onResponderRelease={[Function]}
      onResponderTerminate={[Function]}
      onResponderTerminationRequest={[Function]}
      onStartShouldSetResponder={[Function]}
      style={
        {
          "alignItems": "center",
          "backgroundColor": "#3b82f6",
          "borderBottomLeftRadius": 12,
          "borderBottomRightRadius": 12,
          "borderTopLeftRadius": 12,
          "borderTopRightRadius": 12,
          "height": 64,
          "justifyContent": "center",
          "opacity": 1,
          "width": "33.333333%",
        }
      }
    >
      <Text
        style={
          [
            {
              "color": "#fff",
            },
            {
              "fontSize": 24,
              "lineHeight": 32,
            },
          ]
        }
      >
        Next
      </Text>
    </View>
  </View>
</View>
`;
